C51 COMPILER V9.57.0.0   MAIN                                                              02/09/2026 17:53:14 PAGE 1   


C51 COMPILER V9.57.0.0, COMPILATION OF MODULE MAIN
OBJECT MODULE PLACED IN .\Objects\main.obj
COMPILER INVOKED BY: C:\Keil_v5\C51\BIN\C51.EXE main.c OPTIMIZE(8,SPEED) BROWSE DEBUG OBJECTEXTEND PRINT(.\Listings\main
                    -.lst) OBJECT(.\Objects\main.obj)

line level    source

   1          #include <STC15F2K60S2.H>
   2          #include "delay.h"
   3          #include "digital_tube.h"
   4          #include "init.h"
   5          #include "DS18B20.h"
   6          #include "uart.h"
   7          #include "kbd.h"
   8          #include "iic.h"
   9          #include "onewire.h"
  10          #include "AD_DA.h"
  11          void environment();
  12          int tem,i;
  13          unsigned char light_intensity_digtal,light_intensity;
  14          void main()
  15          {
  16   1              init();
  17   1              tem=30;
  18   1              DS18B20_convertT();
  19   1              delay(750);
  20   1              while(1)
  21   1              {
  22   2                      environment();
  23   2              }
  24   1      }
  25          
  26          void environment()
  27          {
  28   1              DS18B20_convertT();
  29   1              light_intensity_digtal=AD_read(0x01);
  30   1              if(light_intensity_digtal>=151)light_intensity=1;
  31   1              else if(light_intensity_digtal>=102&&light_intensity_digtal<151)light_intensity=2;
  32   1              else if(light_intensity_digtal>=25.5&&light_intensity_digtal<102)light_intensity=3;
  33   1              else if(light_intensity_digtal<151)light_intensity=4;
  34   1              for(i=0;i<200;i++)
  35   1              {
  36   2                      digital_tubefixed(1,12);
  37   2                      digital_tubefixed(2,tem%100/10);
  38   2                      digital_tubefixed(3,tem%100%10);
  39   2                      digital_tube(7,0xC8);
  40   2                      digital_tubefixed(8,light_intensity);
  41   2              }
  42   1              tem=DS18B20_readT();
  43   1      }


MODULE INFORMATION:   STATIC OVERLAYABLE
   CODE SIZE        =    222    ----
   CONSTANT SIZE    =   ----    ----
   XDATA SIZE       =   ----    ----
   PDATA SIZE       =   ----    ----
   DATA SIZE        =      6    ----
   IDATA SIZE       =   ----    ----
   BIT SIZE         =   ----    ----
END OF MODULE INFORMATION.

C51 COMPILER V9.57.0.0   MAIN                                                              02/09/2026 17:53:14 PAGE 2   


C51 COMPILATION COMPLETE.  0 WARNING(S),  0 ERROR(S)
