C51 COMPILER V9.57.0.0   MAIN                                                              03/08/2026 16:04:36 PAGE 1   


C51 COMPILER V9.57.0.0, COMPILATION OF MODULE MAIN
OBJECT MODULE PLACED IN .\Objects\main.obj
COMPILER INVOKED BY: C:\Keil_v5\C51\BIN\C51.EXE main.c OPTIMIZE(8,SPEED) BROWSE DEBUG OBJECTEXTEND PRINT(.\Listings\main
                    -.lst) OBJECT(.\Objects\main.obj)

line level    source

   1          #include <STC15F2K60S2.H>
   2          #include "delay.h"
   3          #include "digital_tube.h"
   4          #include "init.h"
   5          #include "DS18B20.h"
   6          #include "AD_DA.h"
   7          #include "superwave.h"
   8          #include "kbd_nb.h"
   9          
  10          
  11          /* ====================== 锁存选择 ====================== */
  12          #define LATCH_Y4C 0x80   /* LED */
  13          #define LATCH_Y5C 0xA0   /* 继电器/蜂鸣器/电机/步进/喇叭 */
  14          
  15          /* ====================== Y4C: LED 位定义 ====================== */
  16          /* 原理图 U6: D0~D7 -> Q0~Q7 -> L1~L8，低电平点亮 */
  17          #define LED1 0x01
  18          #define LED2 0x02
  19          #define LED3 0x04
  20          #define LED4 0x08
  21          #define LED5 0x10
  22          #define LED6 0x20
  23          #define LED7 0x40
  24          #define LED8 0x80
  25          
  26          /* ====================== Y5C: 执行器位定义 ====================== */
  27          /* 原理图 U9 -> ULN2003A:
  28             D0->N_SPK, D1->STEPA, D2->STEPB, D3->STEPC,
  29             D4->STEPD, D5->N_RELAY, D6->N_MOTOR, D7->N_BUZZ */
  30          #define SPK_BIT    0x01
  31          #define STEPA_BIT  0x02
  32          #define STEPB_BIT  0x04
  33          #define STEPC_BIT  0x08
  34          #define STEPD_BIT  0x10
  35          #define RELAY_BIT  0x20
  36          #define MOTOR_BIT  0x40
  37          #define BUZZ_BIT   0x80
  38          
  39          /* ====================== 按键值定义 ====================== */
  40          /* 继承你当前矩阵键盘映射 */
  41          #define KEY_S4 4
  42          #define KEY_S5 5
  43          #define KEY_S8 8
  44          #define KEY_S9 9
  45          
  46          /* ====================== 页面定义 ====================== */
  47          #define PAGE_ENV   0
  48          #define PAGE_MOVE  1
  49          #define PAGE_PARA  2
  50          #define PAGE_STAT  3
  51          
  52          #define PARA_PC    0
  53          #define PARA_PL    1
  54          
C51 COMPILER V9.57.0.0   MAIN                                                              03/08/2026 16:04:36 PAGE 2   

  55          #define MOVE_STOP  1
  56          #define MOVE_WALK  2
  57          #define MOVE_RUN   3
  58          
  59          /* ====================== 全局变量 ====================== */
  60          unsigned char page = PAGE_ENV;
  61          unsigned char para_page = PARA_PC;
  62          
  63          unsigned int  tem = 30;             /* 当前温度 */
  64          unsigned int  distance = 0;         /* 当前距离 */
  65          unsigned int  last_distance = 0;    /* 上一次距离 */
  66          
  67          unsigned char light_adc = 0;        /* 光敏ADC原始值 */
  68          unsigned char light_level = 1;      /* 光强等级 1~4 */
  69          
  70          unsigned char tem_para = 30;        /* 温度参数 PC */
  71          unsigned char dis_para = 30;        /* 距离参数 PL */
  72          
  73          unsigned char move_state = MOVE_STOP;
  74          unsigned int  relay_count = 0;      /* 继电器吸合次数 */
  75          
  76          bit near_flag = 0;                  /* 接近 */
  77          bit hot_flag  = 0;                  /* 高温 */
  78          
  79          bit output_lock = 0;                /* 参数界面锁输出 */
  80          unsigned char led_keep = 0x00;
  81          unsigned char y5_keep  = 0x00;
  82          
  83          bit relay_last = 0;
  84          
  85          volatile unsigned int ms = 0;
  86          unsigned int move_lock_ms = 0;
  87          unsigned int blink_ms = 0;
  88          bit blink_flag = 0;
  89          
  90          unsigned int combo_hold_ms = 0;
  91          
  92          /* ====================== 锁存输出函数 ====================== */
  93          void latch_write(unsigned char dat, unsigned char sel)
  94          {
  95   1          P0 = dat;
  96   1          P2 = (P2 & 0x1F) | sel;
  97   1          P2 &= 0x1F;       //取消选通
  98   1      }
  99          
 100          /* LED 低电平点亮 */
 101          void led_write(unsigned char led_on)
 102          {
 103   1          latch_write(~led_on, LATCH_Y4C);
 104   1      }
 105          
 106          /* Y5C 高电平有效 */
 107          void y5_write(unsigned char y5_on)
 108          {
 109   1          latch_write(y5_on, LATCH_Y5C);
 110   1      }
 111          
 112          /* ====================== 定时器0 1ms ====================== */
 113          void Timer0_Init(void)      /* 1ms @ 12.000MHz, 12T */
 114          {
 115   1          AUXR &= 0x7F;
 116   1          TMOD &= 0xF0;
C51 COMPILER V9.57.0.0   MAIN                                                              03/08/2026 16:04:36 PAGE 3   

 117   1          TMOD |= 0x01;
 118   1          TL0 = 0x18;
 119   1          TH0 = 0xFC;
 120   1          TF0 = 0;
 121   1          ET0 = 1;
 122   1          EA  = 1;
 123   1          TR0 = 1;
 124   1      }
 125          
 126          void Timer0_Isr(void) interrupt 1
 127          {
 128   1          TL0 = 0x18;
 129   1          TH0 = 0xFC;
 130   1          ms++;
 131   1      
 132   1          if(move_lock_ms > 0) move_lock_ms--;
 133   1          if(blink_ms > 0) blink_ms--;
 134   1      }
 135          
 136          /* ====================== 界面显示 ====================== */
 137          void environment_display(void)
 138          {
 139   1          digital_tubefixed(1, 12);              /* C */
 140   1          digital_tubefixed(2, tem % 100 / 10);
 141   1          digital_tubefixed(3, tem % 10);
 142   1          digital_tube(7, 0xC8);                 /* n */
 143   1          digital_tubefixed(8, light_level);
 144   1      }
 145          
 146          void move_display(void)
 147          {
 148   1          digital_tube(1, 0xC7);                 /* L */
 149   1          digital_tubefixed(2, move_state);
 150   1          digital_tubefixed(6, distance / 100);
 151   1          digital_tubefixed(7, distance % 100 / 10);
 152   1          digital_tubefixed(8, distance % 10);
 153   1      }
 154          
 155          void parameter_display(void)
 156          {
 157   1          digital_tube(1, 0x8C);                 /* P */
 158   1      
 159   1          if(para_page == PARA_PC)
 160   1          {
 161   2              digital_tubefixed(2, 12);          /* C */
 162   2              digital_tubefixed(7, tem_para / 10);
 163   2              digital_tubefixed(8, tem_para % 10);
 164   2          }
 165   1          else
 166   1          {
 167   2              digital_tube(2, 0xC7);             /* L */
 168   2              digital_tubefixed(7, dis_para / 10);
 169   2              digital_tubefixed(8, dis_para % 10);
 170   2          }
 171   1      }
 172          
 173          void stat_display(void)
 174          {
 175   1          digital_tube(1, 0xC8);                 /* n */
 176   1          digital_tubefixed(2, 12);              /* C */
 177   1          digital_tubefixed(5, relay_count / 1000 % 10);
 178   1          digital_tubefixed(6, relay_count / 100 % 10);
C51 COMPILER V9.57.0.0   MAIN                                                              03/08/2026 16:04:36 PAGE 4   

 179   1          digital_tubefixed(7, relay_count / 10 % 10);
 180   1          digital_tubefixed(8, relay_count % 10);
 181   1      }
 182          
 183          /* ====================== 数据采集 ====================== */
 184          void read_temp_data(void)
 185          {
 186   1          DS18B20_convertT();
 187   1          tem = (unsigned int)(DS18B20_readT() + 0.5);//四舍五入
 188   1      }
 189          
 190          void read_light_data(void)
 191          {
 192   1          /* AIN1 */
 193   1          light_adc = AD_read(0x41);
 194   1      
 195   1          if(light_adc >= 153) light_level = 1;
 196   1          else if(light_adc >= 102) light_level = 2;
 197   1          else if(light_adc >= 25) light_level = 3;
 198   1          else light_level = 4;
 199   1      }
 200          
 201          void read_distance_data(void)
 202          {
 203   1          last_distance = distance;
 204   1          distance = superwave_getdistance();
 205   1      }
 206          
 207          /* ====================== 状态判断 ====================== */
 208          void judge_state(void)
 209          {
 210   1          if((distance > 0) && (distance < dis_para)) near_flag = 1;
 211   1          else near_flag = 0;
 212   1      
 213   1          if(tem > tem_para) hot_flag = 1;
 214   1          else hot_flag = 0;
 215   1      }
 216          
 217          void update_move_state(void)
 218          {
 219   1          unsigned int delta;
 220   1      
 221   1          if(distance >= last_distance) delta = distance - last_distance;
 222   1          else delta = last_distance - distance;
 223   1      
 224   1          if(move_lock_ms != 0) return;//return 直接退出
 225   1      
 226   1          if(delta < 5) move_state = MOVE_STOP;
 227   1          else if(delta < 10) move_state = MOVE_WALK;
 228   1          else move_state = MOVE_RUN;
 229   1      
 230   1          move_lock_ms = 3000;    /* 锁定3秒 */
 231   1      }
 232          
 233          /* ====================== 输出控制 ====================== */
 234          void output_update(void)
 235          {
 236   1          unsigned char led_on = 0x00;
 237   1          unsigned char y5_on  = 0x00;
 238   1          bit relay_now;
 239   1      
 240   1          if(output_lock)
C51 COMPILER V9.57.0.0   MAIN                                                              03/08/2026 16:04:36 PAGE 5   

 241   1          {
 242   2              led_write(led_keep);
 243   2              y5_write(y5_keep);
 244   2              return;
 245   2          }
 246   1      
 247   1          /* 接近时，L1~L4 显示光强等级 */
 248   1          if(near_flag)
 249   1          {
 250   2              if(light_level == 1) led_on |= LED1;
 251   2              else if(light_level == 2) led_on |= (LED1 | LED2);
 252   2              else if(light_level == 3) led_on |= (LED1 | LED2 | LED3);
 253   2              else led_on |= (LED1 | LED2 | LED3 | LED4);
 254   2          }
 255   1      
 256   1          /* L8 显示运动状态 */
 257   1          if(move_state == MOVE_WALK)
 258   1          {
 259   2              led_on |= LED8;
 260   2          }
 261   1          else if(move_state == MOVE_RUN)
 262   1          {
 263   2              if(blink_ms == 0)
 264   2              {
 265   3                  blink_ms = 100;       /* 100ms 翻转一次 */
 266   3                  blink_flag = !blink_flag;
 267   3              }
 268   2              if(blink_flag) led_on |= LED8;
 269   2          }
 270   1      
 271   1          /* 接近 + 高温 -> 吸合继电器 */
 272   1          if(near_flag && hot_flag)
 273   1          {
 274   2              y5_on |= RELAY_BIT;
 275   2          }
 276   1      
 277   1          /* 继电器吸合次数统计：上升沿计数 */
 278   1          relay_now = (y5_on & RELAY_BIT) ? 1 : 0;  //(y5_on & RELAY_BIT)为真则为1，否则为0
 279   1          if(relay_now && !relay_last)
 280   1          {
 281   2              relay_count++;
 282   2          }
 283   1          relay_last = relay_now;
 284   1      
 285   1          led_write(led_on);
 286   1          y5_write(y5_on);
 287   1      
 288   1          led_keep = led_on;
 289   1          y5_keep  = y5_on;
 290   1      }
 291          
 292          /* ====================== 组合键原始电平读取 ====================== */
 293          /* 用于统计界面 S8+S9 长按2秒清零 */
 294          bit key_down_raw(unsigned char key_id)
 295          {
 296   1          P44=1;P42=1;P35=1;P34=1;
 297   1          P30=1;P31=1;P32=1;P33=1;
 298   1          P44=0;
 299   1          if((P30==0) && (key_id==7)) return 1;
 300   1          if((P31==0) && (key_id==6)) return 1;
 301   1          if((P32==0) && (key_id==5)) return 1;
 302   1          if((P33==0) && (key_id==4)) return 1;
C51 COMPILER V9.57.0.0   MAIN                                                              03/08/2026 16:04:36 PAGE 6   

 303   1      
 304   1          P44=1;P42=1;P35=1;P34=1;
 305   1          P30=1;P31=1;P32=1;P33=1;
 306   1          P42=0;
 307   1          if((P30==0) && (key_id==11)) return 1;
 308   1          if((P31==0) && (key_id==10)) return 1;
 309   1          if((P32==0) && (key_id==9)) return 1;
 310   1          if((P33==0) && (key_id==8)) return 1;
 311   1      
 312   1          P44=1;P42=1;P35=1;P34=1;
 313   1          P30=1;P31=1;P32=1;P33=1;
 314   1          P35=0;
 315   1          if((P30==0) && (key_id==15)) return 1;
 316   1          if((P31==0) && (key_id==14)) return 1;
 317   1          if((P32==0) && (key_id==13)) return 1;
 318   1          if((P33==0) && (key_id==12)) return 1;
 319   1      
 320   1          P44=1;P42=1;P35=1;P34=1;
 321   1          P30=1;P31=1;P32=1;P33=1;
 322   1          P34=0;
 323   1          if((P30==0) && (key_id==19)) return 1;
 324   1          if((P31==0) && (key_id==18)) return 1;
 325   1          if((P32==0) && (key_id==17)) return 1;
 326   1          if((P33==0) && (key_id==16)) return 1;
 327   1      
 328   1          return 0;
 329   1      }
 330          
 331          /* ====================== 按键处理 ====================== */
 332          void key_proc(void)
 333          {
 334   1          unsigned char key;
 335   1      
 336   1          key = keynumber_nb();
 337   1          if(key == 0) return;
 338   1      
 339   1          /* S4 切界面 */
 340   1          if(key == KEY_S4)
 341   1          {
 342   2              page++;
 343   2              if(page >= 4) page = 0;
 344   2      
 345   2              if(page == PAGE_PARA)
 346   2              {
 347   3                  para_page = PARA_PC;
 348   3                  output_lock = 1;
 349   3              }
 350   2              else
 351   2              {
 352   3                  output_lock = 0;
 353   3              }
 354   2          }
 355   1      
 356   1          /* 参数界面按键 */
 357   1          if(page == PAGE_PARA)
 358   1          {
 359   2              if(key == KEY_S5)
 360   2              {
 361   3                  para_page++;
 362   3                  if(para_page >= 2) para_page = 0;
 363   3              }
 364   2      
C51 COMPILER V9.57.0.0   MAIN                                                              03/08/2026 16:04:36 PAGE 7   

 365   2              if(key == KEY_S8)
 366   2              {
 367   3                  if(para_page == PARA_PC)
 368   3                  {
 369   4                      if(tem_para < 80) tem_para++;
 370   4                  }
 371   3                  else
 372   3                  {
 373   4                      if(dis_para <= 75) dis_para += 5;
 374   4                  }
 375   3              }
 376   2      
 377   2              if(key == KEY_S9)
 378   2              {
 379   3                  if(para_page == PARA_PC)
 380   3                  {
 381   4                      if(tem_para > 20) tem_para--;
 382   4                  }
 383   3                  else
 384   3                  {
 385   4                      if(dis_para >= 25) dis_para -= 5;
 386   4                  }
 387   3              }
 388   2          }
 389   1      }
 390          
 391          /* ====================== 主函数 ====================== */
 392          void main(void)
 393          {
 394   1          unsigned int last_key_ms  = 0;//按键
 395   1          unsigned int last_temp_ms = 0;//温度
 396   1          unsigned int last_lux_ms  = 0;//光敏
 397   1          unsigned int last_dis_ms  = 0;//距离
 398   1          unsigned int last_mov_ms  = 0;//运动状态
 399   1      
 400   1          init();
 401   1          Timer0_Init();
 402   1      
 403   1          /* 初始状态 */
 404   1          page = PAGE_ENV;
 405   1          para_page = PARA_PC;
 406   1          tem_para = 30;
 407   1          dis_para = 30;
 408   1          relay_count = 0;
 409   1          move_state = MOVE_STOP;
 410   1          output_lock = 0;
 411   1          led_write(0x00);
 412   1          y5_write(0x00);
 413   1      
 414   1              DS18B20_convertT();
 415   1          delay(750);
 416   1              
 417   1          read_temp_data();
 418   1          read_light_data();
 419   1          read_distance_data();
 420   1      
 421   1          while(1)
 422   1          {
 423   2              /* 持续显示 */
 424   2              if(page == PAGE_ENV) environment_display();
 425   2              else if(page == PAGE_MOVE) move_display();
 426   2              else if(page == PAGE_PARA) parameter_display();
C51 COMPILER V9.57.0.0   MAIN                                                              03/08/2026 16:04:36 PAGE 8   

 427   2              else stat_display();
 428   2      
 429   2              /* 10ms 扫键 */
 430   2              if(ms - last_key_ms >= 10)
 431   2              {
 432   3                  last_key_ms = ms;
 433   3                  key_proc();
 434   3              }
 435   2      
 436   2              /* 温度每1000ms采样一次 */
 437   2              if(ms - last_temp_ms >= 1000)
 438   2              {
 439   3                  last_temp_ms = ms;
 440   3                  read_temp_data();
 441   3              }
 442   2      
 443   2              /* 光敏每100ms采样一次 */
 444   2              if(ms - last_lux_ms >= 100)
 445   2              {
 446   3                  last_lux_ms = ms;
 447   3                  read_light_data();
 448   3              }
 449   2      
 450   2              /* 距离每200ms采样一次 */
 451   2              if(ms - last_dis_ms >= 200)
 452   2              {
 453   3                  last_dis_ms = ms;
 454   3                  read_distance_data();
 455   3              }
 456   2      
 457   2              /* 运动状态每1000ms判断一次 */
 458   2              if(ms - last_mov_ms >= 1000)
 459   2              {
 460   3                  last_mov_ms = ms;
 461   3                  update_move_state();
 462   3              }
 463   2      
 464   2              judge_state();
 465   2              output_update();
 466   2      
 467   2              /* 统计界面：S8 + S9 长按2秒清零 */
 468   2              if(page == PAGE_STAT)
 469   2              {
 470   3                  if(key_down_raw(KEY_S8) && key_down_raw(KEY_S9))
 471   3                  {
 472   4                      if(combo_hold_ms == 0)
 473   4                      {
 474   5                          combo_hold_ms = ms;   /* 记录组合键开始按下时刻 */
 475   5                      }
 476   4                      else if((unsigned int)(ms - combo_hold_ms) >= 2000)
 477   4                      {
 478   5                          relay_count = 0;
 479   5                          combo_hold_ms = 0;
 480   5                      }
 481   4                  }
 482   3                  else
 483   3                  {
 484   4                      combo_hold_ms = 0;
 485   4                  }
 486   3              }
 487   2              else
 488   2              {
C51 COMPILER V9.57.0.0   MAIN                                                              03/08/2026 16:04:36 PAGE 9   

 489   3                  combo_hold_ms = 0;
 490   3              }
 491   2          }
 492   1      }
 493          
 494          
 495          
 496          


MODULE INFORMATION:   STATIC OVERLAYABLE
   CODE SIZE        =   1421    ----
   CONSTANT SIZE    =   ----    ----
   XDATA SIZE       =   ----    ----
   PDATA SIZE       =   ----    ----
   DATA SIZE        =     25      10
   IDATA SIZE       =   ----    ----
   BIT SIZE         =      5       1
END OF MODULE INFORMATION.


C51 COMPILATION COMPLETE.  0 WARNING(S),  0 ERROR(S)
