C51 COMPILER V9.57.0.0   UART                                                              02/09/2026 16:13:03 PAGE 1   


C51 COMPILER V9.57.0.0, COMPILATION OF MODULE UART
OBJECT MODULE PLACED IN .\Objects\uart.obj
COMPILER INVOKED BY: C:\Keil_v5\C51\BIN\C51.EXE uart.c OPTIMIZE(8,SPEED) BROWSE DEBUG OBJECTEXTEND PRINT(.\Listings\uart
                    -.lst) OBJECT(.\Objects\uart.obj)

line level    source

   1          
   2          // Header:STC15串口驱动程序
   3          // File Name: 
   4          // Author:WYC
   5          // Date:2026 1.27
   6          
   7          #include <STC15F2K60S2.H>
   8          
   9          void UART_SendByte(unsigned char Byte)
  10          {
  11   1              SBUF=Byte;
  12   1              while(TI==0);
  13   1              TI=0;
  14   1      }
  15          
  16          //void Uart1_Isr(void) interrupt 4
  17          //{
  18          //      if (TI)                         //检测串口1发送中断
  19          //      {
  20          //              TI = 0;                 //清除串口1发送中断请求位
  21          //      }
  22          //      if (RI)                         //检测串口1接收中断
  23          //      {
  24          //              UART_SendByte(SBUF);
  25          //              RI = 0;                 //清除串口1接收中断请求位
  26          //      }
  27          //}
  28          
  29          void Uart1_Init(void)   //4800bps@12.000MHz
  30          {
  31   1              SCON = 0x50;            //8位数据,可变波特率
  32   1              AUXR |= 0x40;           //定时器时钟1T模式
  33   1              AUXR &= 0xFE;           //串口1选择定时器1为波特率发生器
  34   1              TMOD &= 0x0F;           //设置定时器模式
  35   1              TL1 = 0x8F;                     //设置定时初始值
  36   1              TH1 = 0xFD;                     //设置定时初始值
  37   1              ET1 = 0;                        //禁止定时器中断
  38   1              TR1 = 1;                        //定时器1开始计时
  39   1              ES = 1;                         //使能串口1中断
  40   1              EA=1;
  41   1      }


MODULE INFORMATION:   STATIC OVERLAYABLE
   CODE SIZE        =     35    ----
   CONSTANT SIZE    =   ----    ----
   XDATA SIZE       =   ----    ----
   PDATA SIZE       =   ----    ----
   DATA SIZE        =   ----    ----
   IDATA SIZE       =   ----    ----
   BIT SIZE         =   ----    ----
END OF MODULE INFORMATION.


C51 COMPILATION COMPLETE.  0 WARNING(S),  0 ERROR(S)
