C51 COMPILER V9.57.0.0   MAIN                                                              06/05/2026 12:02:11 PAGE 1   


C51 COMPILER V9.57.0.0, COMPILATION OF MODULE MAIN
OBJECT MODULE PLACED IN .\Objects\main.obj
COMPILER INVOKED BY: C:\Keil_v5\C51\BIN\C51.EXE main.c OPTIMIZE(8,SPEED) BROWSE DEBUG OBJECTEXTEND PRINT(.\Listings\main
                    -.lst) OBJECT(.\Objects\main.obj)

line level    source

   1          #include <STC15F2K60S2.H>
   2          #include <stdio.h>
   3          #include "sys.h"
   4          #include "ds1302.h"
   5          #include "onewire.h"
   6          #include "iic.h"
   7          
   8          #define page_data 0
   9          #define page_para 1
  10          #define page_standard 2
  11          
  12          
  13          #define page_data_time 0
  14          #define page_data_liquid 1
  15          #define page_data_volume 2
  16          #define page_data_weight 3
  17          
  18          #define page_para_H1 1
  19          #define page_para_H2 2
  20          #define page_para_F 3
  21          #define page_para_S 4
  22          #define page_para_r 5
  23          #define page_para_L 6
  24          #define page_para_W 7
  25          #define page_para_H 8
  26          
  27          #define page_standard_0 0
  28          #define page_standard_5 1
  29          #define page_standard_10 2
  30          #define page_standard_15 3
  31          
  32          #define container_ball 0
  33          #define container_cylinder 1 
  34          #define container_box 2
  35          
  36          unsigned char key_number=0;
  37          unsigned char page_count=0;
  38          unsigned char page_data_count=0;
  39          unsigned char page_para_count=1;
  40          unsigned char page_standard_count=0;
  41          unsigned char freq_measure_timecount=0;
  42          
  43          unsigned char hour_now=0;
  44          unsigned char min_now=0;
  45          unsigned char sec_now=0;
  46          
  47          int temperature_now=0;
  48          float liquid_high_now=0;
  49          unsigned char superwave_time_count=0;
  50          
  51          unsigned char container_type=2;
  52          float xdata r,L,W,H_container,H1,H2;
  53          unsigned  int F;
  54          float h;
C51 COMPILER V9.57.0.0   MAIN                                                              06/05/2026 12:02:11 PAGE 2   

  55          
  56          unsigned char room_remain_dis;
  57          float volume_now;
  58          
  59          float xdata w_standard_0,w_standard_5,w_standard_10,w_standard_15,w_standard_20;
  60          float xdata w_standard_0_last,w_standard_5_last,w_standard_10_last,w_standard_15_last,w_standard_20_last;
  61          float v_now;
  62          
  63          float weight_now;
  64          
  65          unsigned int freq_now=0;
  66          
  67          unsigned char xdata uart_receive[64];
  68          unsigned char uart_receive_index=0;
  69          
  70          void Timer0_Init(void);
  71          void Timer0_Isr(void);
  72          unsigned char time_shift(unsigned char addr);
  73          void page_data_dis();
  74          void page_para_dis();
  75          void page_standard_dis();
  76          void para_init();
  77          float volume_get(unsigned char type);
  78          unsigned char room_remain(unsigned char type);
  79          void weight_deal();
  80          void freq_get();
  81          void Timer1_Init(void);
  82          
  83          void main()
  84          {
  85   1              init();
  86   1              para_init();
  87   1              Timer1_Init();
  88   1              ds1302_init();
  89   1              convert_T();
  90   1              delay(100);
  91   1              Timer0_Init();
  92   1              while(1)
  93   1              {
  94   2                      freq_get();
  95   2      //              digitaltube_fix(1,freq_now/10000,0);
  96   2      //              digitaltube_fix(2,freq_now/1000%10,0);
  97   2      //              digitaltube_fix(3,freq_now/100%10,0);
  98   2      //              digitaltube_fix(4,freq_now/10%10,0);
  99   2      //              digitaltube_fix(5,freq_now%10,0);
 100   2                      if(superwave_time_count>=5)
 101   2                      {
 102   3                              liquid_high_now=get_distance()/100;
 103   3                              h=liquid_high_now;
 104   3                              superwave_time_count=0;
 105   3                      }
 106   2                      v_now=AD_read(0x03);
 107   2                      weight_deal();
 108   2                      volume_now=volume_get(container_type);
 109   2                      room_remain_dis=room_remain(container_type);
 110   2                      hour_now=time_shift(0x85);
 111   2                      min_now=time_shift(0x83);
 112   2                      sec_now=time_shift(0x81);
 113   2                      temperature_now=read_T();
 114   2                      if(page_count==page_data)
 115   2                      {
 116   3                              page_data_dis();
C51 COMPILER V9.57.0.0   MAIN                                                              06/05/2026 12:02:11 PAGE 3   

 117   3                      }
 118   2                      else if(page_count==page_para)
 119   2                      {
 120   3                              page_para_dis();
 121   3                      }
 122   2                      else
 123   2                      {
 124   3                              page_standard_dis();
 125   3                      }
 126   2      
 127   2              }
 128   1      }
 129          void Timer1_Isr(void) interrupt 3
 130          {
 131   1              freq_measure_timecount++;
 132   1              superwave_time_count++;
 133   1              key_number=key_back();
 134   1              
 135   1              
 136   1              
 137   1              if(page_count==0)
 138   1              {
 139   2                      if(key_number==4)
 140   2                      {
 141   3                              page_count++;
 142   3                              page_data_count=0;
 143   3                              page_para_count=1;
 144   3                              page_standard_count=0;
 145   3                              if(page_count>2)page_count=0;
 146   3                      }
 147   2                      if(key_number==5)
 148   2                      {
 149   3                              page_data_count++;
 150   3                              if(page_data_count>3)page_data_count=0;
 151   3                      }
 152   2              }
 153   1              
 154   1              else if(page_count==1)
 155   1              {
 156   2                      if(key_number==4)
 157   2                      {
 158   3                              page_count++;
 159   3                              page_data_count=0;
 160   3                              page_para_count=1;
 161   3                              page_standard_count=0;
 162   3                              if(page_count>2)page_count=0;
 163   3                      }
 164   2                      if(key_number==5)
 165   2                      {
 166   3                              page_para_count++;
 167   3                              if(page_para_count>8)page_para_count=1;
 168   3                      }
 169   2              }
 170   1              
 171   1              else if(page_count==2)
 172   1              {
 173   2                      w_standard_0_last=w_standard_0;
 174   2                      w_standard_5_last=w_standard_5;
 175   2                      w_standard_10_last=w_standard_10;
 176   2                      w_standard_15_last=w_standard_15;
 177   2                      w_standard_20_last=w_standard_20;
 178   2                      if(key_number==5)
C51 COMPILER V9.57.0.0   MAIN                                                              06/05/2026 12:02:11 PAGE 4   

 179   2                      {
 180   3                              page_standard_count++;
 181   3                              if(page_standard_count>4)page_standard_count=0;
 182   3                      }
 183   2                      if(key_number==8)
 184   2                      {
 185   3                              switch(page_standard_count)
 186   3                              {
 187   4                                      case 0:w_standard_0+=0.1;break;
 188   4                                      case 1:w_standard_5+=0.1;break;
 189   4                                      case 2:w_standard_10+=0.1;break;
 190   4                                      case 3:w_standard_15+=0.1;break;
 191   4                                      case 4:w_standard_20+=0.1;break;
 192   4                              }
 193   3                      }
 194   2                      if(key_number==9)
 195   2                      {
 196   3                              switch(page_standard_count)
 197   3                              {
 198   4                                      case 0:w_standard_0-=0.1;break;
 199   4                                      case 1:w_standard_5-=0.1;break;
 200   4                                      case 2:w_standard_10-=0.1;break;
 201   4                                      case 3:w_standard_15-=0.1;break;
 202   4                                      case 4:w_standard_20-=0.1;break;
 203   4                              }
 204   3                      }
 205   2                      if(key_number==4)
 206   2                      {
 207   3                              if(w_standard_0<w_standard_5 && w_standard_5<w_standard_10 && w_standard_10<w_standard_15 && w_standard
             -_15<w_standard_20)
 208   3                              {
 209   4                                      
 210   4                              }
 211   3                              else
 212   3                              {
 213   4                                      w_standard_0=w_standard_0_last;
 214   4                                      w_standard_5=w_standard_5_last;
 215   4                                      w_standard_10=w_standard_10_last;
 216   4                                      w_standard_15=w_standard_15_last;
 217   4                                      w_standard_20=w_standard_20_last;
 218   4                              }
 219   3                              page_count++;
 220   3                              page_data_count=0;
 221   3                              page_para_count=1;
 222   3                              page_standard_count=0;
 223   3                              if(page_count>2)page_count=0;
 224   3                      }
 225   2              }
 226   1              
 227   1      }
 228          
 229          void Timer1_Init(void)          //10毫秒@12.000MHz
 230          {
 231   1              AUXR &= 0xBF;                   //定时器时钟12T模式
 232   1              TMOD &= 0x0F;                   //设置定时器模式
 233   1              TL1 = 0xF0;                             //设置定时初始值
 234   1              TH1 = 0xD8;                             //设置定时初始值
 235   1              TF1 = 0;                                //清除TF1标志
 236   1              TR1 = 1;                                //定时器1开始计时
 237   1              ET1 = 1;                                //使能定时器1中断
 238   1              EA =1;
 239   1      }
C51 COMPILER V9.57.0.0   MAIN                                                              06/05/2026 12:02:11 PAGE 5   

 240          void Timer0_Init(void)          
 241          {
 242   1              AUXR &= 0x7F;                   
 243   1              TMOD &= 0xF0;   
 244   1              TMOD |= 0x05;
 245   1              TL0 = 0x00;                             
 246   1              TH0 = 0x00;                                                             
 247   1              TR0 = 1;                                                        
 248   1      }
 249          
 250          void Uart1_Isr(void) interrupt 4
 251          {
 252   1              if (RI)                         //检测串口1接收中断
 253   1              {
 254   2                      uart_receive[uart_receive_index]=SBUF;
 255   2                      uart_receive_index++;
 256   2                      RI = 0;                 //清除串口1接收中断请求位
 257   2              }
 258   1      }
 259          
 260          void Uart1_Init(void)   //9600bps@12.000MHz
 261          {
 262   1              SCON = 0x50;            //8位数据,可变波特率
 263   1              AUXR |= 0x01;           //串口1选择定时器2为波特率发生器
 264   1              AUXR &= 0xFB;           //定时器时钟12T模式
 265   1              T2L = 0xE6;                     //设置定时初始值
 266   1              T2H = 0xFF;                     //设置定时初始值
 267   1              AUXR |= 0x10;           //定时器2开始计时
 268   1              ES = 1;                         //使能串口1中断
 269   1      }
 270          
 271          void para_init()
 272          {
 273   1              H1=1.0;
 274   1              H2=0.1;
 275   1              F=2000;
 276   1              r=1.0;
 277   1              L=1.0;
 278   1              W=1.0;
 279   1              H_container=1.0;
 280   1              w_standard_0=0;
 281   1              w_standard_5=1.0;
 282   1              w_standard_10=2.0;
 283   1              w_standard_15=4.0;
 284   1              w_standard_20=5.0;
 285   1      }
 286          float volume_get(unsigned char type)
 287          {
 288   1              float temp;
 289   1              if(type==0)
 290   1              {
 291   2                      temp=(3.14*(2*r-h)*(2*r-h)*(r+h))/3;
 292   2              }
 293   1               else if(type==1)
 294   1              {
 295   2                      temp=3.14*r*r*(H_container-h);
 296   2              }
 297   1              else if(type==2)
 298   1              {
 299   2                      temp=L*W*(H_container-h);
 300   2              }
 301   1              return temp;
C51 COMPILER V9.57.0.0   MAIN                                                              06/05/2026 12:02:11 PAGE 6   

 302   1      }
 303          void weight_deal()
 304          {
 305   1              if(v_now<=w_standard_5)
 306   1              {
 307   2                      weight_now=(v_now-w_standard_0)/(w_standard_5-w_standard_0)*5;
 308   2              }
 309   1              else if(v_now<=w_standard_10)
 310   1              {
 311   2                      weight_now=(v_now-w_standard_5)/(w_standard_10-w_standard_5)*5+5;
 312   2              }
 313   1              else if(v_now<=w_standard_15)
 314   1              {
 315   2                      weight_now=(v_now-w_standard_10)/(w_standard_15-w_standard_10)*5+10;
 316   2              }
 317   1              else if(v_now<=w_standard_20)
 318   1              {
 319   2                      weight_now=(v_now-w_standard_15)/(w_standard_20-w_standard_15)*5+15;
 320   2              }
 321   1      }
 322          unsigned char room_remain(unsigned char type)
 323          {
 324   1              float temp;
 325   1              if(type==0)
 326   1              {
 327   2                      temp=(((4*3.14*r*r*r)/3-(3.14*(2*r-h)*(2*r-h)*(r+h))/3)*100)/((4*3.14*r*r*r)/3);
 328   2                      return (unsigned char)temp;
 329   2              }
 330   1               else if(type==1||type==2)
 331   1              {
 332   2                      temp=h*100/H_container;
 333   2                      return (unsigned char)temp;
 334   2              }
 335   1              else return 0;
 336   1      }
 337          
 338          unsigned char time_shift(unsigned char addr)
 339          {
 340   1              unsigned char tem;
 341   1              tem=Read_Ds1302_Byte(addr);
 342   1              return tem/16*10+tem%16;
 343   1      }
 344                  
 345          void freq_get()
 346          {
 347   1              if(freq_measure_timecount>=100)
 348   1              {
 349   2                      TR0=0;
 350   2                      freq_now=(((int)TH0<<8)|TL0);
 351   2                      TL0=0x00;TH0=0x00;
 352   2                      freq_measure_timecount=0;
 353   2                      TR0=1;
 354   2              }
 355   1      }
 356          void page_data_dis()
 357          {
 358   1              if(page_data_count==0)
 359   1              {
 360   2                      digitaltube_fix(1,hour_now/10,0);
 361   2                      digitaltube_fix(2,hour_now%10,0);
 362   2                      digitaltube(3,0xBF,0);
 363   2                      digitaltube_fix(4,min_now/10,0);
C51 COMPILER V9.57.0.0   MAIN                                                              06/05/2026 12:02:11 PAGE 7   

 364   2                      digitaltube_fix(5,min_now%10,0);
 365   2                      digitaltube(6,0xBF,0);
 366   2                      digitaltube_fix(7,sec_now/10,0);
 367   2                      digitaltube_fix(8,sec_now%10,0);
 368   2              }
 369   1              else if(page_data_count==1)
 370   1              {
 371   2                      if(temperature_now>0)
 372   2                      {
 373   3                              digitaltube_fix(3,temperature_now/10,0);
 374   3                              digitaltube_fix(4,temperature_now%10,0);
 375   3                              digitaltube(5,0xBF,0);
 376   3                              digitaltube_fix(6,(int)(liquid_high_now*100)/100,1);
 377   3                              digitaltube_fix(7,(int)(liquid_high_now*100)/10,0);
 378   3                              digitaltube_fix(8,(int)(liquid_high_now*100)%10,0);
 379   3                      }
 380   2                      else
 381   2                      {
 382   3                              digitaltube(2,0xBF,0);
 383   3                              digitaltube_fix(3,temperature_now/10,0);
 384   3                              digitaltube_fix(4,temperature_now%10,0);
 385   3                              digitaltube(5,0xBF,0);
 386   3                              digitaltube_fix(6,(int)(liquid_high_now*100)/100,1);
 387   3                              digitaltube_fix(7,(int)(liquid_high_now*100)%100/10,0);
 388   3                              digitaltube_fix(8,(int)(liquid_high_now*100)%10,0);
 389   3                      }
 390   2                      
 391   2              }
 392   1              else if(page_data_count==2)
 393   1              {
 394   2                      if(room_remain_dis>=100)
 395   2                      {
 396   3                              digitaltube_fix(1,room_remain_dis/100,0);
 397   3                              digitaltube_fix(2,room_remain_dis%100/10,0);
 398   3                              digitaltube_fix(3,room_remain_dis%10,0);
 399   3                      }
 400   2                      else
 401   2                      {
 402   3                              digitaltube_fix(2,room_remain_dis/10,0);
 403   3                              digitaltube_fix(3,room_remain_dis%10,0);
 404   3                      }
 405   2                      digitaltube(4,0xBF,0);
 406   2      //              unsigned char digits[4];
 407   2      //              digits[0]=(int)(volume_now*10)/1000;
 408   2      //              digits[1]=(int)(volume_now*10)/100%10;
 409   2      //              digits[2]=(int)(volume_now*10)/10%10;
 410   2      //              digits[3]=(int)(volume_now*10)%10;
 411   2      //              
 412   2      //              unsigned char start = 0;
 413   2      //              unsigned char i;
 414   2      //              while (start < 4 && digits[start] == 0)
 415   2      //                      start++;
 416   2      //              for (i = start; i < 5; i++)
 417   2      //                      digitaltube_fixed(5 + i, digits[i],0);
 418   2                      digitaltube_fix(7,(int)(volume_now*10)/10,1);
 419   2                      digitaltube_fix(8,(int)(volume_now*10)%10,0);
 420   2      
 421   2              }
 422   1              else
 423   1              {
 424   2                      if(temperature_now>0)
 425   2                      {
C51 COMPILER V9.57.0.0   MAIN                                                              06/05/2026 12:02:11 PAGE 8   

 426   3                              digitaltube_fix(3,temperature_now/10,0);
 427   3                              digitaltube_fix(4,temperature_now%10,0);
 428   3                              digitaltube(5,0xBF,0);
 429   3                              if(weight_now>10)
 430   3                              {
 431   4                                      digitaltube_fix(6,(int)(weight_now*10)/100,0);
 432   4                                      digitaltube_fix(7,(int)(weight_now*10)/10%10,1);
 433   4                                      digitaltube_fix(8,(int)(weight_now*10)%10,0);
 434   4                              }
 435   3                              else 
 436   3                              {
 437   4                                      digitaltube_fix(7,(int)(weight_now*10)/10,1);
 438   4                                      digitaltube_fix(8,(int)(weight_now*10)%10,0);
 439   4                              }
 440   3                      }
 441   2                      else
 442   2                      {
 443   3                              digitaltube(2,0xBF,0);
 444   3                              digitaltube_fix(3,temperature_now/10,0);
 445   3                              digitaltube_fix(4,temperature_now%10,0);
 446   3                              digitaltube(5,0xBF,0);
 447   3                              if(weight_now>10)
 448   3                              {
 449   4                                      digitaltube_fix(6,(int)(weight_now*10)/100,0);
 450   4                                      digitaltube_fix(7,(int)(weight_now*10)/10%10,1);
 451   4                                      digitaltube_fix(8,(int)(weight_now*10)%10,0);
 452   4                              }
 453   3                              else 
 454   3                              {
 455   4                                      digitaltube_fix(7,(int)(weight_now*10)/10,1);
 456   4                                      digitaltube_fix(8,(int)(weight_now*10)%10,0);
 457   4                              }
 458   3                      }
 459   2              }
 460   1      }
 461          
 462          void page_para_dis()
 463          {
 464   1              digitaltube(1,0x8C,0);
 465   1              digitaltube_fix(2,page_para_count,0);
 466   1              digitaltube(3,0xBF,0);
 467   1              if(page_para_count==1)
 468   1              {
 469   2                      if((unsigned int)(H1*10)>10000)
 470   2                      {
 471   3                              digitaltube_fix(4,(unsigned int)(H1*10)/10000,0);
 472   3                              digitaltube_fix(5,(unsigned int)(H1*10)/1000%10,0);
 473   3                              digitaltube_fix(6,(unsigned int)(H1*10)/100%10,0);
 474   3                              digitaltube_fix(7,(unsigned int)(H1*10)/10%10,1);
 475   3                              digitaltube_fix(8,(unsigned int)(H1*10)%10,0);
 476   3                      }
 477   2                      else if((unsigned int)(H1*10)>1000)
 478   2                      {
 479   3                              digitaltube_fix(5,(unsigned int)(H1*10)/1000,0);
 480   3                              digitaltube_fix(6,(unsigned int)(H1*10)/100%10,0);
 481   3                              digitaltube_fix(7,(unsigned int)(H1*10)/10%10,1);
 482   3                              digitaltube_fix(8,(unsigned int)(H1*10)%10,0);
 483   3                      }
 484   2                      else if((unsigned int)(H1*10)>100)
 485   2                      {
 486   3                              digitaltube_fix(6,(unsigned int)(H1*10)/100,0);
 487   3                              digitaltube_fix(7,(unsigned int)(H1*10)/10%10,1);
C51 COMPILER V9.57.0.0   MAIN                                                              06/05/2026 12:02:11 PAGE 9   

 488   3                              digitaltube_fix(8,(unsigned int)(H1*10)%10,0);
 489   3                      }
 490   2                      else
 491   2                      {
 492   3                              digitaltube_fix(7,(unsigned int)(H1*10)/10,1);
 493   3                              digitaltube_fix(8,(unsigned int)(H1*10)%10,0);
 494   3                      }
 495   2              }
 496   1              else if(page_para_count==2)
 497   1              {
 498   2                      if((unsigned int)(H2*10)>10000)
 499   2                      {
 500   3                              digitaltube_fix(4,(unsigned int)(H2*10)/10000,0);
 501   3                              digitaltube_fix(5,(unsigned int)(H2*10)/1000%10,0);
 502   3                              digitaltube_fix(6,(unsigned int)(H2*10)/100%10,0);
 503   3                              digitaltube_fix(7,(unsigned int)(H2*10)/10%10,1);
 504   3                              digitaltube_fix(8,(unsigned int)(H2*10)%10,0);
 505   3                      }
 506   2                      else if((unsigned int)(H2*10)>1000)
 507   2                      {
 508   3                              digitaltube_fix(5,(unsigned int)(H2*10)/1000,0);
 509   3                              digitaltube_fix(6,(unsigned int)(H2*10)/100%10,0);
 510   3                              digitaltube_fix(7,(unsigned int)(H2*10)/10%10,1);
 511   3                              digitaltube_fix(8,(unsigned int)(H2*10)%10,0);
 512   3                      }
 513   2                      else if((unsigned int)(H2*10)>100)
 514   2                      {
 515   3                              digitaltube_fix(6,(unsigned int)(H2*10)/100,0);
 516   3                              digitaltube_fix(7,(unsigned int)(H2*10)/10%10,1);
 517   3                              digitaltube_fix(8,(unsigned int)(H2*10)%10,0);
 518   3                      }
 519   2                      else
 520   2                      {
 521   3                              digitaltube_fix(7,(unsigned int)(H2*10)/10,1);
 522   3                              digitaltube_fix(8,(unsigned int)(H2*10)%10,0);
 523   3                      }
 524   2              }
 525   1              else if(page_para_count==3)
 526   1              {
 527   2                      if(F>10000)
 528   2                      {
 529   3                              digitaltube_fix(4,F/10000,0);
 530   3                              digitaltube_fix(5,F/1000%10,0);
 531   3                              digitaltube_fix(6,F/100%10,0);
 532   3                              digitaltube_fix(7,F/10%10,0);
 533   3                              digitaltube_fix(8,F%10,0);
 534   3                      }
 535   2                      else if(F>1000)
 536   2                      {
 537   3                              digitaltube_fix(5,F/1000,0);
 538   3                              digitaltube_fix(6,F/100%10,0);
 539   3                              digitaltube_fix(7,F/10%10,0);
 540   3                              digitaltube_fix(8,F%10,0);
 541   3                      }
 542   2                      else if(F>100)
 543   2                      {
 544   3                              digitaltube_fix(6,F/100,0);
 545   3                              digitaltube_fix(7,F/10%10,0);
 546   3                              digitaltube_fix(8,F%10,0);
 547   3                      }
 548   2                      else if(F>10)
 549   2                      {
C51 COMPILER V9.57.0.0   MAIN                                                              06/05/2026 12:02:11 PAGE 10  

 550   3                              digitaltube_fix(7,F/10,0);
 551   3                              digitaltube_fix(8,F%10,0);
 552   3                      }
 553   2                      else
 554   2                      {
 555   3                              digitaltube_fix(8,F%10,0);      
 556   3                      }
 557   2              }
 558   1              else if(page_para_count==4)
 559   1              {
 560   2                      digitaltube_fix(8,container_type,0);
 561   2              }
 562   1              else if(page_para_count==5)
 563   1              {
 564   2                      if((unsigned int)(r*10)>10000)
 565   2                      {
 566   3                              digitaltube_fix(4,(unsigned int)(r*10)/10000,0);
 567   3                              digitaltube_fix(5,(unsigned int)(r*10)/1000%10,0);
 568   3                              digitaltube_fix(6,(unsigned int)(r*10)/100%10,0);
 569   3                              digitaltube_fix(7,(unsigned int)(r*10)/10%10,1);
 570   3                              digitaltube_fix(8,(unsigned int)(r*10)%10,0);
 571   3                      }
 572   2                      else if((unsigned int)(r*10)>1000)
 573   2                      {
 574   3                              digitaltube_fix(5,(unsigned int)(r*10)/1000,0);
 575   3                              digitaltube_fix(6,(unsigned int)(r*10)/100%10,0);
 576   3                              digitaltube_fix(7,(unsigned int)(r*10)/10%10,1);
 577   3                              digitaltube_fix(8,(unsigned int)(r*10)%10,0);
 578   3                      }
 579   2                      else if((unsigned int)(r*10)>100)
 580   2                      {
 581   3                              digitaltube_fix(6,(unsigned int)(r*10)/100,0);
 582   3                              digitaltube_fix(7,(unsigned int)(r*10)/10%10,1);
 583   3                              digitaltube_fix(8,(unsigned int)(r*10)%10,0);
 584   3                      }
 585   2                      else
 586   2                      {
 587   3                              digitaltube_fix(7,(unsigned int)(r*10)/10,1);
 588   3                              digitaltube_fix(8,(unsigned int)(r*10)%10,0);
 589   3                      }
 590   2              }
 591   1              else if(page_para_count==6)
 592   1              {
 593   2                      if((unsigned int)(L*10)>10000)
 594   2                      {
 595   3                              digitaltube_fix(4,(unsigned int)(L*10)/10000,0);
 596   3                              digitaltube_fix(5,(unsigned int)(L*10)/1000%10,0);
 597   3                              digitaltube_fix(6,(unsigned int)(L*10)/100%10,0);
 598   3                              digitaltube_fix(7,(unsigned int)(L*10)/10%10,1);
 599   3                              digitaltube_fix(8,(unsigned int)(L*10)%10,0);
 600   3                      }
 601   2                      else if((unsigned int)(L*10)>1000)
 602   2                      {
 603   3                              digitaltube_fix(5,(unsigned int)(L*10)/1000,0);
 604   3                              digitaltube_fix(6,(unsigned int)(L*10)/100%10,0);
 605   3                              digitaltube_fix(7,(unsigned int)(L*10)/10%10,1);
 606   3                              digitaltube_fix(8,(unsigned int)(L*10)%10,0);
 607   3                      }
 608   2                      else if((unsigned int)(L*10)>100)
 609   2                      {
 610   3                              digitaltube_fix(6,(unsigned int)(L*10)/100,0);
 611   3                              digitaltube_fix(7,(unsigned int)(L*10)/10%10,1);
C51 COMPILER V9.57.0.0   MAIN                                                              06/05/2026 12:02:11 PAGE 11  

 612   3                              digitaltube_fix(8,(unsigned int)(L*10)%10,0);
 613   3                      }
 614   2                      else
 615   2                      {
 616   3                              digitaltube_fix(7,(unsigned int)(L*10)/10,1);
 617   3                              digitaltube_fix(8,(unsigned int)(L*10)%10,0);
 618   3                      }
 619   2              }
 620   1              else if(page_para_count==7)
 621   1              {
 622   2                      if((unsigned int)(W*10)>10000)
 623   2                      {
 624   3                              digitaltube_fix(4,(unsigned int)(W*10)/10000,0);
 625   3                              digitaltube_fix(5,(unsigned int)(W*10)/1000%10,0);
 626   3                              digitaltube_fix(6,(unsigned int)(W*10)/100%10,0);
 627   3                              digitaltube_fix(7,(unsigned int)(W*10)/10%10,1);
 628   3                              digitaltube_fix(8,(unsigned int)(W*10)%10,0);
 629   3                      }
 630   2                      else if((unsigned int)(W*10)>1000)
 631   2                      {
 632   3                              digitaltube_fix(5,(unsigned int)(W*10)/1000,0);
 633   3                              digitaltube_fix(6,(unsigned int)(W*10)/100%10,0);
 634   3                              digitaltube_fix(7,(unsigned int)(W*10)/10%10,1);
 635   3                              digitaltube_fix(8,(unsigned int)(W*10)%10,0);
 636   3                      }
 637   2                      else if((unsigned int)(W*10)>100)
 638   2                      {
 639   3                              digitaltube_fix(6,(unsigned int)(W*10)/100,0);
 640   3                              digitaltube_fix(7,(unsigned int)(W*10)/10%10,1);
 641   3                              digitaltube_fix(8,(unsigned int)(W*10)%10,0);
 642   3                      }
 643   2                      else
 644   2                      {
 645   3                              digitaltube_fix(7,(unsigned int)(W*10)/10,1);
 646   3                              digitaltube_fix(8,(unsigned int)(W*10)%10,0);
 647   3                      }
 648   2              }
 649   1              else if(page_para_count==8)
 650   1              {
 651   2                      if((unsigned int)(H_container*10)>10000)
 652   2                      {
 653   3                              digitaltube_fix(4,(unsigned int)(H_container*10)/10000,0);
 654   3                              digitaltube_fix(5,(unsigned int)(H_container*10)/1000%10,0);
 655   3                              digitaltube_fix(6,(unsigned int)(H_container*10)/100%10,0);
 656   3                              digitaltube_fix(7,(unsigned int)(H_container*10)/10%10,1);
 657   3                              digitaltube_fix(8,(unsigned int)(H_container*10)%10,0);
 658   3                      }
 659   2                      else if((unsigned int)(H_container*10)>1000)
 660   2                      {
 661   3                              digitaltube_fix(5,(unsigned int)(H_container*10)/1000,0);
 662   3                              digitaltube_fix(6,(unsigned int)(H_container*10)/100%10,0);
 663   3                              digitaltube_fix(7,(unsigned int)(H_container*10)/10%10,1);
 664   3                              digitaltube_fix(8,(unsigned int)(H_container*10)%10,0);
 665   3                      }
 666   2                      else if((unsigned int)(H_container*10)>100)
 667   2                      {
 668   3                              digitaltube_fix(6,(unsigned int)(H_container*10)/100,0);
 669   3                              digitaltube_fix(7,(unsigned int)(H_container*10)/10%10,1);
 670   3                              digitaltube_fix(8,(unsigned int)(H_container*10)%10,0);
 671   3                      }
 672   2                      else
 673   2                      {
C51 COMPILER V9.57.0.0   MAIN                                                              06/05/2026 12:02:11 PAGE 12  

 674   3                              digitaltube_fix(7,(unsigned int)(H_container*10)/10,1);
 675   3                              digitaltube_fix(8,(unsigned int)(H_container*10)%10,0);
 676   3                      }
 677   2              }
 678   1      }
 679          
 680          void page_standard_dis()
 681          {
 682   1              digitaltube_fix(1,14,0);
 683   1              if(page_standard_count==0)
 684   1              {
 685   2                      digitaltube_fix(2,0,0);
 686   2                      digitaltube_fix(3,0,0);
 687   2                      digitaltube_fix(7,(int)(w_standard_0*10)/10,1);
 688   2                      digitaltube_fix(8,(int)(w_standard_0*10)%10,0);
 689   2              }
 690   1              else if(page_standard_count==1)
 691   1              {
 692   2                      digitaltube_fix(2,0,0);
 693   2                      digitaltube_fix(3,5,0);
 694   2                      digitaltube_fix(7,(int)(w_standard_5*10)/10,1);
 695   2                      digitaltube_fix(8,(int)(w_standard_5*10)%10,0);
 696   2              }
 697   1              else if(page_standard_count==2)
 698   1              {
 699   2                      digitaltube_fix(2,1,0);
 700   2                      digitaltube_fix(3,0,0);
 701   2                      digitaltube_fix(7,(int)(w_standard_10*10)/10,1);
 702   2                      digitaltube_fix(8,(int)(w_standard_10*10)%10,0);
 703   2              }
 704   1              else if(page_standard_count==3)
 705   1              {
 706   2                      digitaltube_fix(2,1,0);
 707   2                      digitaltube_fix(3,5,0);
 708   2                      digitaltube_fix(7,(int)(w_standard_15*10)/10,1);
 709   2                      digitaltube_fix(8,(int)(w_standard_15*10)%10,0);
 710   2              }
 711   1              else if(page_standard_count==4)
 712   1              {
 713   2                      digitaltube_fix(2,2,0);
 714   2                      digitaltube_fix(3,0,0);
 715   2                      digitaltube_fix(7,(int)(w_standard_20*10)/10,1);
 716   2                      digitaltube_fix(8,(int)(w_standard_20*10)%10,0);
 717   2              }
 718   1      }


MODULE INFORMATION:   STATIC OVERLAYABLE
   CODE SIZE        =   7709    ----
   CONSTANT SIZE    =   ----    ----
   XDATA SIZE       =    128    ----
   PDATA SIZE       =   ----    ----
   DATA SIZE        =     39      10
   IDATA SIZE       =   ----    ----
   BIT SIZE         =   ----    ----
END OF MODULE INFORMATION.


C51 COMPILATION COMPLETE.  0 WARNING(S),  0 ERROR(S)
