C51 COMPILER V9.57.0.0   MAIN                                                              05/31/2026 17:38:57 PAGE 1   


C51 COMPILER V9.57.0.0, COMPILATION OF MODULE MAIN
OBJECT MODULE PLACED IN .\Objects\main.obj
COMPILER INVOKED BY: C:\Keil_v5\C51\BIN\C51.EXE main.c OPTIMIZE(8,SPEED) BROWSE DEBUG OBJECTEXTEND PRINT(.\Listings\main
                    -.lst) OBJECT(.\Objects\main.obj)

line level    source

   1          #include <STC15F2K60S2.H>
   2          #include <stdio.h>
   3          #include "latch.h"
   4          #include "init.h"
   5          #include "digitaltube.h"
   6          #include "kbd.h"
   7          #include "delay.h"
   8          #include "ds18b20.h"
   9          #include "ds1302.h"
  10          #include "superwave.h"
  11          #include "uart.h"
  12          unsigned char uart_receive[20];
  13          unsigned char uart_receive_index=0;
  14          unsigned char t=5;
  15          unsigned char uart_send[20];
  16          
  17          void Uart1_Isr(void) interrupt 4
  18          {
  19   1              if (RI==1)                              //检测串口1接收中断
  20   1              {
  21   2                      uart_receive[uart_receive_index]=SBUF;
  22   2      //              uart_receive_index++;
  23   2                      RI=0;
  24   2              }
  25   1      }
  26          
  27          void main()
  28          {
  29   1              
  30   1              init();
  31   1              Uart1_Init();
  32   1              uart_receive[0]=0;
  33   1              while(1)
  34   1              {
  35   2                      digitaltube_fixed(1,uart_receive[0]);
  36   2      //              sprintf(uart_send,"T = %d",(unsigned int)t);
  37   2      //              uart_send_string(uart_send);
  38   2      //              delay(1000);
  39   2              }
  40   1      }


MODULE INFORMATION:   STATIC OVERLAYABLE
   CODE SIZE        =     46    ----
   CONSTANT SIZE    =   ----    ----
   XDATA SIZE       =   ----    ----
   PDATA SIZE       =   ----    ----
   DATA SIZE        =     42    ----
   IDATA SIZE       =   ----    ----
   BIT SIZE         =   ----    ----
END OF MODULE INFORMATION.


C51 COMPILATION COMPLETE.  0 WARNING(S),  0 ERROR(S)
