C51 COMPILER V9.57.0.0   DIGITALTUBE                                                       03/29/2026 14:40:15 PAGE 1   


C51 COMPILER V9.57.0.0, COMPILATION OF MODULE DIGITALTUBE
OBJECT MODULE PLACED IN .\Objects\digitaltube.obj
COMPILER INVOKED BY: C:\Keil_v5\C51\BIN\C51.EXE digitaltube.c OPTIMIZE(8,SPEED) BROWSE DEBUG OBJECTEXTEND PRINT(.\Listin
                    -gs\digitaltube.lst) OBJECT(.\Objects\digitaltube.obj)

line level    source

   1          #include <STC15F2K60S2.H>
   2          #include "latch.h"
   3          #include "delay.h"
   4          
   5          #define Y4C 0x80
   6          #define Y5C 0xA0
   7          #define Y6C 0xC0
   8          #define Y7C 0xE0
   9          code unsigned char digital_number[16]={0xC0,0xF9,0xA4,0xB0,0x99,0x92,0x82,0xF8,0x80,0x90,0x88,0x83,0xC6,0x
             -A1,0x86,0x8E};
  10          void digitaltube_fixed(unsigned char digitaltube_position,unsigned char number)
  11          {
  12   1              
  13   1              switch(digitaltube_position)
  14   1              {
  15   2                      case 1: latch(0x01,Y6C);break;
  16   2                      case 2: latch(0x02,Y6C);break;
  17   2                      case 3: latch(0x04,Y6C);break;
  18   2                      case 4: latch(0x08,Y6C);break;
  19   2                      case 5: latch(0x10,Y6C);break;
  20   2                      case 6: latch(0x20,Y6C);break;
  21   2                      case 7: latch(0x40,Y6C);break;
  22   2                      case 8: latch(0x80,Y6C);break;
  23   2              }
  24   1              latch(digital_number[number],Y7C);
  25   1              delay(2);
  26   1              latch(0xFF,Y7C);
  27   1      }
  28          
  29          void digital_tube(unsigned char digitaltube_position,unsigned char number)
  30          {
  31   1      
  32   1              switch(digitaltube_position)
  33   1              {
  34   2                      case 1: latch(0x01,Y6C);break;
  35   2                      case 2: latch(0x02,Y6C);break;
  36   2                      case 3: latch(0x04,Y6C);break;
  37   2                      case 4: latch(0x08,Y6C);break;
  38   2                      case 5: latch(0x10,Y6C);break;
  39   2                      case 6: latch(0x20,Y6C);break;
  40   2                      case 7: latch(0x40,Y6C);break;
  41   2                      case 8: latch(0x80,Y6C);break;
  42   2              }
  43   1              latch(number,Y7C);
  44   1              delay(2);
  45   1              latch(0xFF,Y7C);
  46   1      }
  47          
  48          


MODULE INFORMATION:   STATIC OVERLAYABLE
   CODE SIZE        =    239    ----
   CONSTANT SIZE    =     16    ----
C51 COMPILER V9.57.0.0   DIGITALTUBE                                                       03/29/2026 14:40:15 PAGE 2   

   XDATA SIZE       =   ----    ----
   PDATA SIZE       =   ----    ----
   DATA SIZE        =   ----       2
   IDATA SIZE       =   ----    ----
   BIT SIZE         =   ----    ----
END OF MODULE INFORMATION.


C51 COMPILATION COMPLETE.  0 WARNING(S),  0 ERROR(S)
