C51 COMPILER V9.57.0.0   DIGITALTUBE                                                       04/03/2026 21:48:37 PAGE 1   


C51 COMPILER V9.57.0.0, COMPILATION OF MODULE DIGITALTUBE
OBJECT MODULE PLACED IN .\Objects\digitaltube.obj
COMPILER INVOKED BY: C:\Keil_v5\C51\BIN\C51.EXE digitaltube.c OPTIMIZE(8,SPEED) BROWSE DEBUG OBJECTEXTEND PRINT(.\Listin
                    -gs\digitaltube.lst) OBJECT(.\Objects\digitaltube.obj)

line level    source

   1          #include <STC15F2K60S2.H>
   2          #include "latch.h"
   3          #include "delay.h"
   4          code unsigned char number[16]={0xC0 ,0xF9 ,0xA4 ,0xB0 ,0x99 ,0x92 ,0x82 ,0xF8 ,0x80 ,0x90 ,0x88 ,0x83 ,0xC
             -6 ,0xA1 ,0x86 ,0x8E};
   5          void digitaltube_fixed(unsigned char tube_position,unsigned char tube_number)
   6          {
   7   1              switch(tube_position)
   8   1              {
   9   2                      case 1:P0=0x01;break;
  10   2                      case 2:P0=0x02;break;
  11   2                      case 3:P0=0x04;break;
  12   2                      case 4:P0=0x08;break;
  13   2                      case 5:P0=0x10;break;
  14   2                      case 6:P0=0x20;break;
  15   2                      case 7:P0=0x40;break;
  16   2                      case 8:P0=0x80;break;
  17   2              }
  18   1              latch(6);
  19   1              P0=number[tube_number];
  20   1              latch(7);
  21   1              
  22   1              delay(1);
  23   1      
  24   1              P0=0XFF;
  25   1              latch(7);
  26   1      
  27   1      }
  28          
  29          void digitaltube(unsigned char tube_position,unsigned char tube_number)
  30          {
  31   1              switch(tube_position)
  32   1              {
  33   2                      case 1:P0=0x01;break;
  34   2                      case 2:P0=0x02;break;
  35   2                      case 3:P0=0x04;break;
  36   2                      case 4:P0=0x08;break;
  37   2                      case 5:P0=0x10;break;
  38   2                      case 6:P0=0x20;break;
  39   2                      case 7:P0=0x40;break;
  40   2                      case 8:P0=0x80;break;
  41   2              }
  42   1              latch(6);
  43   1              P0=tube_number;
  44   1              latch(7);
  45   1              
  46   1              delay(1);
  47   1      
  48   1              P0=0XFF;
  49   1              latch(7);
  50   1      
  51   1      }


C51 COMPILER V9.57.0.0   DIGITALTUBE                                                       04/03/2026 21:48:37 PAGE 2   

MODULE INFORMATION:   STATIC OVERLAYABLE
   CODE SIZE        =    231    ----
   CONSTANT SIZE    =     16    ----
   XDATA SIZE       =   ----    ----
   PDATA SIZE       =   ----    ----
   DATA SIZE        =   ----       2
   IDATA SIZE       =   ----    ----
   BIT SIZE         =   ----    ----
END OF MODULE INFORMATION.


C51 COMPILATION COMPLETE.  0 WARNING(S),  0 ERROR(S)
